
> esprit-market-front@0.0.0 build
> ng build

[33mÔØ»[39m Building...
[32mÔ£ö[39m Building...
[1mInitial chunk files[22m[2m | [22m[1mNames[22m              [2m | [22m [1mRaw size[22m[2m | [22m[1mEstimated transfer size[22m
[32mchunk-RT2NTGB3.js[39m  [2m | [22m[2m-[22m                  [2m | [22m[36m182.84 kB[39m[2m | [22m               [36m53.28 kB[39m
[32mchunk-V5I4WQSL.js[39m  [2m | [22m[2m-[22m                  [2m | [22m [36m99.10 kB[39m[2m | [22m               [36m25.28 kB[39m
[32mstyles-6BRZQPAM.css[39m[2m | [22m[2mstyles[22m             [2m | [22m [36m81.30 kB[39m[2m | [22m               [36m10.21 kB[39m
[32mmain-AUSAZBZG.js[39m   [2m | [22m[2mmain[22m               [2m | [22m [36m48.12 kB[39m[2m | [22m               [36m10.70 kB[39m
[32mchunk-AUAJX4DR.js[39m  [2m | [22m[2m-[22m                  [2m | [22m [36m43.27 kB[39m[2m | [22m                [36m8.84 kB[39m
[32mchunk-BO3WITF7.js[39m  [2m | [22m[2m-[22m                  [2m | [22m  [36m6.23 kB[39m[2m | [22m                [36m1.99 kB[39m
[32mchunk-B2AVD6OK.js[39m  [2m | [22m[2m-[22m                  [2m | [22m  [36m3.79 kB[39m[2m | [22m                [36m1.28 kB[39m
[32mchunk-OXROYMPX.js[39m  [2m | [22m[2m-[22m                  [2m | [22m  [36m3.31 kB[39m[2m | [22m                [36m1.04 kB[39m
[32mchunk-3MI6RZQZ.js[39m  [2m | [22m[2m-[22m                  [2m | [22m  [36m3.10 kB[39m[2m | [22m              [36m992 bytes[39m
[32mchunk-XDIOBHFW.js[39m  [2m | [22m[2m-[22m                  [2m | [22m  [36m2.81 kB[39m[2m | [22m              [36m876 bytes[39m
[32mchunk-LYSK3AV6.js[39m  [2m | [22m[2m-[22m                  [2m | [22m  [36m1.80 kB[39m[2m | [22m              [36m698 bytes[39m
[32mchunk-VL6SMB4B.js[39m  [2m | [22m[2m-[22m                  [2m | [22m  [36m1.46 kB[39m[2m | [22m              [36m532 bytes[39m
[32mchunk-YPQF5OMO.js[39m  [2m | [22m[2m-[22m                  [2m | [22m  [36m1.32 kB[39m[2m | [22m              [36m551 bytes[39m
[32mchunk-PHORI6MG.js[39m  [2m | [22m[2m-[22m                  [2m | [22m  [36m1.09 kB[39m[2m | [22m              [36m402 bytes[39m
[32mchunk-OKCCBYF6.js[39m  [2m | [22m[2m-[22m                  [2m | [22m[36m966 bytes[39m[2m | [22m              [36m966 bytes[39m
[32mchunk-BNWPBZHF.js[39m  [2m | [22m[2m-[22m                  [2m | [22m[36m629 bytes[39m[2m | [22m              [36m629 bytes[39m
[32mchunk-REROW6AQ.js[39m  [2m | [22m[2m-[22m                  [2m | [22m[36m561 bytes[39m[2m | [22m              [36m561 bytes[39m
[32mchunk-CEJJDD7K.js[39m  [2m | [22m[2m-[22m                  [2m | [22m [36m73 bytes[39m[2m | [22m               [36m73 bytes[39m

[1m [22m                  [2m | [22m[1mInitial total[22m      [2m | [22m[1m481.78 kB[22m[2m | [22m              [1m118.89 kB[22m

[1mLazy chunk files[22m   [2m | [22m[1mNames[22m              [2m | [22m [1mRaw size[22m[2m | [22m[1mEstimated transfer size[22m
[32mchunk-77XT6SQU.js[39m  [2m | [22m[2mprofile[22m            [2m | [22m [36m53.29 kB[39m[2m | [22m               [36m12.39 kB[39m
[32mchunk-VAXUG6GS.js[39m  [2m | [22m[2mregister[22m           [2m | [22m [36m38.57 kB[39m[2m | [22m                [36m7.39 kB[39m
[32mchunk-MUQSEZIH.js[39m  [2m | [22m[2mplaceholders[22m       [2m | [22m [36m33.88 kB[39m[2m | [22m                [36m6.39 kB[39m
[32mchunk-WZWRJB7A.js[39m  [2m | [22m[2mproduct-details[22m    [2m | [22m [36m31.30 kB[39m[2m | [22m                [36m8.00 kB[39m
[32mchunk-GHUDQYRC.js[39m  [2m | [22m[2mproducts[22m           [2m | [22m [36m25.53 kB[39m[2m | [22m                [36m6.26 kB[39m
[32mchunk-LSW4OMNJ.js[39m  [2m | [22m[2mforum[22m              [2m | [22m [36m23.47 kB[39m[2m | [22m                [36m6.59 kB[39m
[32mchunk-IKSEKCF4.js[39m  [2m | [22m[2mdashboard-component[22m[2m | [22m [36m19.95 kB[39m[2m | [22m                [36m5.09 kB[39m
[32mchunk-GK7MBDXA.js[39m  [2m | [22m[2mcarpooling[22m         [2m | [22m [36m18.15 kB[39m[2m | [22m                [36m4.88 kB[39m
[32mchunk-RACLPUXZ.js[39m  [2m | [22m[2mhome[22m               [2m | [22m [36m17.24 kB[39m[2m | [22m                [36m4.89 kB[39m
[32mchunk-6344NQJK.js[39m  [2m | [22m[2mcart[22m               [2m | [22m [36m16.68 kB[39m[2m | [22m                [36m4.82 kB[39m
[32mchunk-IUTZ66UQ.js[39m  [2m | [22m[2mback-routes[22m        [2m | [22m [36m15.74 kB[39m[2m | [22m                [36m4.26 kB[39m
[32mchunk-HT5YDLDR.js[39m  [2m | [22m[2mcontact[22m            [2m | [22m [36m13.99 kB[39m[2m | [22m                [36m4.23 kB[39m
[32mchunk-WHKXEPBI.js[39m  [2m | [22m[2mfavorites[22m          [2m | [22m [36m12.51 kB[39m[2m | [22m                [36m3.69 kB[39m
[32mchunk-5EW5H2R5.js[39m  [2m | [22m[2mlogin[22m              [2m | [22m [36m12.41 kB[39m[2m | [22m                [36m3.59 kB[39m
[32mchunk-XHBQHCF5.js[39m  [2m | [22m[2msupport-component[22m  [2m | [22m  [36m9.93 kB[39m[2m | [22m                [36m2.62 kB[39m
[2m...and 6 more lazy chunks files. Use "--verbose" to show all the files.[22m

Application bundle generation complete. [3.916 seconds]

Output location: C:\Users\MSI\Desktop\espritmarket\Espritmarket\frontend\dist\esprit-market-front

