[INFO] Scanning for projects...
[INFO] 
[INFO] ---------------------< esprit_market:EspritMarket >---------------------
[INFO] Building EspritMarket 0.0.1-SNAPSHOT
[INFO]   from pom.xml
[INFO] --------------------------------[ jar ]---------------------------------
[INFO] 
[INFO] --- clean:3.3.2:clean (default-clean) @ EspritMarket ---
[INFO] Deleting C:\Users\21694\Desktop\EspritMaket\PI-version-1\target
[INFO] 
[INFO] --- resources:3.3.1:resources (default-resources) @ EspritMarket ---
[INFO] Copying 1 resource from src\main\resources to target\classes
[INFO] Copying 0 resource from src\main\resources to target\classes
[INFO] 
[INFO] --- compiler:3.11.0:compile (default-compile) @ EspritMarket ---
[INFO] Changes detected - recompiling the module! :source
[INFO] Compiling 275 source files with javac [debug release 17] to target\classes
[INFO] -------------------------------------------------------------
[ERROR] COMPILATION ERROR : 
[INFO] -------------------------------------------------------------
[ERROR] /C:/Users/21694/Desktop/EspritMaket/PI-version-1/src/main/java/esprit_market/mappers/carpoolingMapper/BookingMapper.java:[1,1] illegal character: '\ufeff'
[ERROR] /C:/Users/21694/Desktop/EspritMaket/PI-version-1/src/main/java/esprit_market/mappers/carpoolingMapper/BookingMapper.java:[1,10] class, interface, enum, or record expected
[ERROR] /C:/Users/21694/Desktop/EspritMaket/PI-version-1/src/main/java/esprit_market/mappers/SAVMapper.java:[1,1] illegal character: '\ufeff'
[ERROR] /C:/Users/21694/Desktop/EspritMaket/PI-version-1/src/main/java/esprit_market/mappers/SAVMapper.java:[1,10] class, interface, enum, or record expected
[INFO] 4 errors 
[INFO] -------------------------------------------------------------
[INFO] ------------------------------------------------------------------------
[INFO] BUILD FAILURE
[INFO] ------------------------------------------------------------------------
[INFO] Total time:  4.861 s
[INFO] Finished at: 2026-03-01T01:14:19+01:00
[INFO] ------------------------------------------------------------------------
[ERROR] Failed to execute goal org.apache.maven.plugins:maven-compiler-plugin:3.11.0:compile (default-compile) on project EspritMarket: Compilation failure: Compilation failure: 
[ERROR] /C:/Users/21694/Desktop/EspritMaket/PI-version-1/src/main/java/esprit_market/mappers/carpoolingMapper/BookingMapper.java:[1,1] illegal character: '\ufeff'
[ERROR] /C:/Users/21694/Desktop/EspritMaket/PI-version-1/src/main/java/esprit_market/mappers/carpoolingMapper/BookingMapper.java:[1,10] class, interface, enum, or record expected
[ERROR] /C:/Users/21694/Desktop/EspritMaket/PI-version-1/src/main/java/esprit_market/mappers/SAVMapper.java:[1,1] illegal character: '\ufeff'
[ERROR] /C:/Users/21694/Desktop/EspritMaket/PI-version-1/src/main/java/esprit_market/mappers/SAVMapper.java:[1,10] class, interface, enum, or record expected
[ERROR] -> [Help 1]
[ERROR] 
[ERROR] To see the full stack trace of the errors, re-run Maven with the -e switch.
[ERROR] Re-run Maven using the -X switch to enable full debug logging.
[ERROR] 
[ERROR] For more information about the errors and possible solutions, please read the following articles:
[ERROR] [Help 1] http://cwiki.apache.org/confluence/display/MAVEN/MojoFailureException
