[INFO] Scanning for projects...
[INFO] 
[INFO] ---------------------< esprit_market:EspritMarket >---------------------
[INFO] Building EspritMarket 0.0.1-SNAPSHOT
[INFO]   from pom.xml
[INFO] --------------------------------[ jar ]---------------------------------
[INFO] 
[INFO] --- resources:3.3.1:resources (default-resources) @ EspritMarket ---
[INFO] Copying 1 resource from src\main\resources to target\classes
[INFO] Copying 0 resource from src\main\resources to target\classes
[INFO] 
[INFO] --- compiler:3.11.0:compile (default-compile) @ EspritMarket ---
[INFO] Changes detected - recompiling the module! :source
[INFO] Compiling 416 source files with javac [debug release 17] to target\classes
[INFO] /C:/Users/tesni/Desktop/pidev v3/espritmarket-v3-project/backend/src/main/java/esprit_market/service/carpoolingService/RoutingService.java: Some input files use unchecked or unsafe operations.
[INFO] /C:/Users/tesni/Desktop/pidev v3/espritmarket-v3-project/backend/src/main/java/esprit_market/service/carpoolingService/RoutingService.java: Recompile with -Xlint:unchecked for details.
[INFO] -------------------------------------------------------------
[ERROR] COMPILATION ERROR : 
[INFO] -------------------------------------------------------------
[ERROR] /C:/Users/tesni/Desktop/pidev v3/espritmarket-v3-project/backend/src/main/java/esprit_market/service/chat/ChatService.java:[35,41] local variables referenced from a lambda expression must be final or effectively final
[INFO] 1 error
[INFO] -------------------------------------------------------------
[INFO] ------------------------------------------------------------------------
[INFO] BUILD FAILURE
[INFO] ------------------------------------------------------------------------
[INFO] Total time:  13.190 s
[INFO] Finished at: 2026-04-26T00:53:48+01:00
[INFO] ------------------------------------------------------------------------
[ERROR] Failed to execute goal org.apache.maven.plugins:maven-compiler-plugin:3.11.0:compile (default-compile) on project EspritMarket: Compilation failure
[ERROR] /C:/Users/tesni/Desktop/pidev v3/espritmarket-v3-project/backend/src/main/java/esprit_market/service/chat/ChatService.java:[35,41] local variables referenced from a lambda expression must be final or effectively final
[ERROR] 
[ERROR] -> [Help 1]
[ERROR] 
[ERROR] To see the full stack trace of the errors, re-run Maven with the -e switch.
[ERROR] Re-run Maven using the -X switch to enable full debug logging.
[ERROR] 
[ERROR] For more information about the errors and possible solutions, please read the following articles:
[ERROR] [Help 1] http://cwiki.apache.org/confluence/display/MAVEN/MojoFailureException
